# Visual Golden File
# Name: help_200x60
# Dimensions: 200x60
# Hash: babad0c373702ad21108ac61eaad8cb9159fef38161348dc4e77e2c0b0dd9b42

  [90m╭────────────────────────────────────────────────────────────────────────────────────────────────────────────────────────────────────────────────────────────────────────────────────────────────╮[0m    
  [90m│[0m                                                                                                                                                                                                [90m│[0m    
  [90m│[0m                                                                                        [1;34mDisplay Settings[0m                                                                                        [90m│[0m    
  [90m│[0m                                                                                                                                                                                                [90m│[0m    
  [90m╰────────────────────────────────────────────────────────────────────────────────────────────────────────────────────────────────────────────────────────────────────────────────────────────────╯[0m    
                                                                                                                                                                                                        
  [33m╭────────────────────────────────────────────────────────────────────────────────────────────────────────────────────────────────────────────────────────────────────────────────────────────────╮[0m    
  [33m│[0m                                                                                                                                                                                                [33m│[0m    
  [33m│[0m                                                                                                                                                                                                [33m│[0m    
  [33m│[0m  [1;33m📖 Help & Controls[0m                                                                                                                                                                            [33m│[0m    
  [33m│[0m                                                                                                                                                                                                [33m│[0m    
  [33m│[0m  [1;32m🎮 Navigation[0m                                                                                                                                                                                 [33m│[0m    
  [33m│[0m                                                                                                                                                                                                [33m│[0m    
  [33m│[0m  [37m  [1;32m↑↓[0m [32mk j[0m   Navigate up/down in menus[0m                                                                                                                                                          [33m│[0m    
  [33m│[0m  [37m  [1;36m←→[0m [36mh l[0m   Navigate left/right (manual scaling)[0m                                                                                                                                               [33m│[0m    
  [33m│[0m  [37m  [1;34m⏎[0m       Select option or apply changes[0m                                                                                                                                                      [33m│[0m    
  [33m│[0m  [37m  [34mSpace[0m       Alternative selection[0m                                                                                                                                                           [33m│[0m    
  [33m│[0m                                                                                                                                                                                                [33m│[0m    
  [33m│[0m  [1;34m⌨️ Global Commands[0m                                                                                                                                                                            [33m│[0m    
  [33m│[0m                                                                                                                                                                                                [33m│[0m    
  [33m│[0m  [37m  [1;33mh[0m [33m?[0m   Show this help screen[0m                                                                                                                                                                 [33m│[0m    
  [33m│[0m  [37m  [1;35mEsc[0m       Return to main menu[0m                                                                                                                                                               [33m│[0m    
  [33m│[0m  [37m  [1;31mq[0m       Quit application[0m                                                                                                                                                                    [33m│[0m    
  [33m│[0m  [37m  [1;31mCtrl+C[0m   Force quit[0m                                                                                                                                                                         [33m│[0m    
  [33m│[0m                                                                                                                                                                                                [33m│[0m    
  [33m│[0m  [1;36m🎯 Mode-Specific Controls[0m                                                                                                                                                                     [33m│[0m    
  [33m│[0m                                                                                                                                                                                                [33m│[0m    
  [33m│[0m  [37m  [1;33mm[0m       Switch to manual scaling (from smart scaling)[0m                                                                                                                                       [33m│[0m    
  [33m│[0m  [37m  [1;35m↑↓[0m       Select control in manual scaling[0m                                                                                                                                                   [33m│[0m    
  [33m│[0m  [37m  [1;35m←→[0m       Adjust values in manual scaling[0m                                                                                                                                                    [33m│[0m    
  [33m│[0m                                                                                                                                                                                                [33m│[0m    
  [33m│[0m  [1;35mℹ️ About[0m                                                                                                                                                                                      [33m│[0m    
  [33m│[0m                                                                                                                                                                                                [33m│[0m    
  [33m│[0m  [37m  Version: [32m1.0.0[0m[0m                                                                                                                                                                              [33m│[0m    
  [33m│[0m  [37m  Theme: [35mTokyo Night[0m[0m                                                                                                                                                                          [33m│[0m    
  [33m│[0m  [37m  Target: [36mHyprland & Wayland[0m[0m                                                                                                                                                                  [33m│[0m    
  [33m│[0m  [37m  Built with: [34mGo + Bubbletea[0m[0m                                                                                                                                                                  [33m│[0m    
  [33m│[0m                                                                                                                                                                                                [33m│[0m    
  [33m│[0m  [3;90m💡 Press Esc to return to the main menu[0m                                                                                                                                                       [33m│[0m    
  [33m│[0m                                                                                                                                                                                                [33m│[0m    
  [33m│[0m                                                                                                                                                                                                [33m│[0m    
  [33m│[0m                                                                                                                                                                                                [33m│[0m    
  [33m│[0m                                                                                                                                                                                                [33m│[0m    
  [33m│[0m                                                                                                                                                                                                [33m│[0m    
  [33m│[0m                                                                                                                                                                                                [33m│[0m    
  [33m│[0m                                                                                                                                                                                                [33m│[0m    
  [33m│[0m                                                                                                                                                                                                [33m│[0m    
  [33m│[0m                                                                                                                                                                                                [33m│[0m    
  [33m│[0m                                                                                                                                                                                                [33m│[0m    
  [33m│[0m                                                                                                                                                                                                [33m│[0m    
  [33m│[0m                                                                                                                                                                                                [33m│[0m    
  [33m│[0m                                                                                                                                                                                                [33m│[0m    
  [33m│[0m                                                                                                                                                                                                [33m│[0m    
  [33m│[0m                                                                                                                                                                                                [33m│[0m    
  [33m╰────────────────────────────────────────────────────────────────────────────────────────────────────────────────────────────────────────────────────────────────────────────────────────────────╯[0m    
                                                                                                                                                                                                        
  [90m╭────────────────────────────────────────────────────────────────────────────────────────────────────────────────────────────────────────────────────────────────────────────────────────────────╮[0m    
  [90m│[0m                                                                                                                                                                                                [90m│[0m    
  [90m│[0m                                                                   [1;32m↑↓[0m  [37mnavigate[0m    [1;34m⏎[0m  [37mselect[0m    [1;33mh[0m  [37mhelp[0m    [1;35mesc[0m  [37mback[0m    [1;31mq[0m  [37mquit[0m                                                                 [90m│[0m    
  [90m│[0m                                                                                                                                                                                                [90m│[0m    
  [90m╰────────────────────────────────────────────────────────────────────────────────────────────────────────────────────────────────────────────────────────────────────────────────────────────────╯[0m    