# Visual Golden File
# Name: many_monitors
# Dimensions: 150x50
# Hash: 59a1cc4630f9c61eb01bd9187c7f5da57268858454a7f5295f9cb341cf1bbbfb

  [90m╭──────────────────────────────────────────────────────────────────────────────────────────────────────────────────────────────────────────────╮[0m    
  [90m│[0m                                                                                                                                              [90m│[0m    
  [90m│[0m                                                               [1;34mDisplay Settings[0m                                                               [90m│[0m    
  [90m│[0m                                                                                                                                              [90m│[0m    
  [90m╰──────────────────────────────────────────────────────────────────────────────────────────────────────────────────────────────────────────────╯[0m    
                                                                                                                                                      
  [34m╭────────────────────────────────────────────────────────╮[0m  [36m╭──────────────────────────────────────────────────────────────────────────────────╮[0m    
  [34m│[0m                                                        [34m│[0m  [36m│[0m                                                                                  [36m│[0m    
  [34m│[0m                                                        [34m│[0m  [36m│[0m                                                                                  [36m│[0m    
  [34m│[0m  [1;34mNavigation[0m                                            [34m│[0m  [36m│[0m  [1;36mDisplay Overview[0m                                                                [36m│[0m    
  [34m│[0m                                                        [34m│[0m  [36m│[0m                                                                                  [36m│[0m    
  [34m│[0m  [1;34m▶[0m [1;34mDashboard[0m                                           [34m│[0m  [36m│[0m  [34m○[0m [1;32mHDMI-1[0m[1;33m 👆 CURRENT[0m                                                             [36m│[0m    
  [34m│[0m                                                        [34m│[0m  [36m│[0m  [37m  Dell U2414H-1[0m                                                                 [36m│[0m    
  [34m│[0m    [37mMonitor Selection[0m                                   [34m│[0m  [36m│[0m  [90m  1920x1080 @ 60Hz[0m                                                              [36m│[0m    
  [34m│[0m                                                        [34m│[0m  [36m│[0m  [90m  Scale: 1.0x[0m                                                                   [36m│[0m    
  [34m│[0m    [37mSmart Scaling[0m                                       [34m│[0m  [36m│[0m  [3;33m  → Scaling changes will apply here[0m                                             [36m│[0m    
  [34m│[0m                                                        [34m│[0m  [36m│[0m                                                                                  [36m│[0m    
  [34m│[0m    [37mManual Scaling[0m                                      [34m│[0m  [36m│[0m  [90m◦[0m [1;34mHDMI-2[0m                                                                        [36m│[0m    
  [34m│[0m                                                        [34m│[0m  [36m│[0m  [37m  Dell U2414H-2[0m                                                                 [36m│[0m    
  [34m│[0m    [37mSettings[0m                                            [34m│[0m  [36m│[0m  [90m  1920x1080 @ 60Hz[0m                                                              [36m│[0m    
  [34m│[0m                                                        [34m│[0m  [36m│[0m  [90m  Scale: 1.0x[0m                                                                   [36m│[0m    
  [34m│[0m    [37mHelp[0m                                                [34m│[0m  [36m│[0m                                                                                  [36m│[0m    
  [34m│[0m                                                        [34m│[0m  [36m│[0m  [90m◦[0m [1;33mHDMI-3[0m                                                                        [36m│[0m    
  [34m│[0m    [37mExit[0m                                                [34m│[0m  [36m│[0m  [37m  Dell U2414H-3[0m                                                                 [36m│[0m    
  [34m│[0m                                                        [34m│[0m  [36m│[0m  [90m  1920x1080 @ 60Hz[0m                                                              [36m│[0m    
  [34m│[0m                                                        [34m│[0m  [36m│[0m  [90m  Scale: 1.0x[0m                                                                   [36m│[0m    
  [34m│[0m                                                        [34m│[0m  [36m│[0m                                                                                  [36m│[0m    
  [34m│[0m                                                        [34m│[0m  [36m│[0m  [90m◦[0m [1;35mHDMI-4[0m                                                                        [36m│[0m    
  [34m│[0m                                                        [34m│[0m  [36m│[0m  [37m  Dell U2414H-4[0m                                                                 [36m│[0m    
  [34m│[0m                                                        [34m│[0m  [36m│[0m  [90m  1920x1080 @ 60Hz[0m                                                              [36m│[0m    
  [34m│[0m                                                        [34m│[0m  [36m│[0m  [90m  Scale: 1.0x[0m                                                                   [36m│[0m    
  [34m│[0m                                                        [34m│[0m  [36m│[0m                                                                                  [36m│[0m    
  [34m│[0m                                                        [34m│[0m  [36m│[0m                                                                                  [36m│[0m    
  [34m│[0m                                                        [34m│[0m  [36m│[0m                                                                                  [36m│[0m    
  [34m│[0m                                                        [34m│[0m  [36m│[0m                                                                                  [36m│[0m    
  [34m│[0m                                                        [34m│[0m  [36m│[0m                                                                                  [36m│[0m    
  [34m│[0m                                                        [34m│[0m  [36m│[0m                                                                                  [36m│[0m    
  [34m│[0m                                                        [34m│[0m  [36m│[0m                                                                                  [36m│[0m    
  [34m│[0m                                                        [34m│[0m  [36m│[0m                                                                                  [36m│[0m    
  [34m│[0m                                                        [34m│[0m  [36m│[0m                                                                                  [36m│[0m    
  [34m│[0m                                                        [34m│[0m  [36m│[0m                                                                                  [36m│[0m    
  [34m│[0m                                                        [34m│[0m  [36m│[0m                                                                                  [36m│[0m    
  [34m│[0m                                                        [34m│[0m  [36m│[0m                                                                                  [36m│[0m    
  [34m│[0m                                                        [34m│[0m  [36m│[0m                                                                                  [36m│[0m    
  [34m╰────────────────────────────────────────────────────────╯[0m  [36m╰──────────────────────────────────────────────────────────────────────────────────╯[0m    
                                                                                                                                                      
  [90m╭──────────────────────────────────────────────────────────────────────────────────────────────────────────────────────────────────────────────╮[0m    
  [90m│[0m                                                                                                                                              [90m│[0m    
  [90m│[0m                                          [1;32m↑↓[0m  [37mnavigate[0m    [1;34m⏎[0m  [37mselect[0m    [1;33mh[0m  [37mhelp[0m    [1;35mesc[0m  [37mback[0m    [1;31mq[0m  [37mquit[0m                                        [90m│[0m    
  [90m│[0m                                                                                                                                              [90m│[0m    
  [90m╰──────────────────────────────────────────────────────────────────────────────────────────────────────────────────────────────────────────────╯[0m    