# Visual Golden File
# Name: monitor_selection_100x30
# Dimensions: 100x30
# Hash: 01e2bd38071c782719002691e422a715842fc6652251ca27dfc0906a60cfed22

  [90m╭────────────────────────────────────────────────────────────────────────────────────────────╮[0m    
  [90m│[0m                                                                                            [90m│[0m    
  [90m│[0m                                      [1;34mDisplay Settings[0m                                      [90m│[0m    
  [90m│[0m                                                                                            [90m│[0m    
  [90m╰────────────────────────────────────────────────────────────────────────────────────────────╯[0m    
                                                                                                    
  [34m╭────────────────────────────────────────────────────────────────────────────────────────────╮[0m    
  [34m│[0m                                                                                            [34m│[0m    
  [34m│[0m                                                                                            [34m│[0m    
  [34m│[0m  [1;34mMonitor Selection[0m                                                                         [34m│[0m    
  [34m│[0m  [37mChoose a display to configure[0m                                                             [34m│[0m    
  [34m│[0m                                                                                            [34m│[0m    
  [34m│[0m  [1;32m▶ [0m[1;32mHDMI-A-1[0m [44m [0m[1;44mACTIVE[0m[44m [0m                                                                       [34m│[0m    
  [34m│[0m    [37mDell U2414H[0m                                                                             [34m│[0m    
  [34m│[0m    [37m1920x1080 @ 60Hz[0m                                                                        [34m│[0m    
  [34m│[0m                                                                                            [34m│[0m    
  [34m│[0m    [1;34mDP-1[0m [100m [0m[1;100mINACTIVE[0m[100m [0m                                                                         [34m│[0m    
  [34m│[0m      [37mSamsung C27F390[0m                                                                       [34m│[0m    
  [34m│[0m      [37m1920x1080 @ 75Hz[0m                                                                      [34m│[0m    
  [34m│[0m                                                                                            [34m│[0m    
  [34m│[0m                                                                                            [34m│[0m    
  [34m│[0m  [33m⏎[0m[37m Select monitor and return to dashboard[0m  [35mesc[0m[37m Return to main menu[0m                         [34m│[0m    
  [34m│[0m                                                                                            [34m│[0m    
  [34m│[0m  [3;90m💡 Selected monitor will be marked as CURRENT on the dashboard[0m                            [34m│[0m    
  [34m│[0m                                                                                            [34m│[0m    
  [34m│[0m                                                                                            [34m│[0m    
  [34m╰────────────────────────────────────────────────────────────────────────────────────────────╯[0m    
                                                                                                    
  [90m╭────────────────────────────────────────────────────────────────────────────────────────────╮[0m    
  [90m│[0m                                                                                            [90m│[0m    
  [90m│[0m                 [1;32m↑↓[0m  [37mnavigate[0m    [1;34m⏎[0m  [37mselect[0m    [1;33mh[0m  [37mhelp[0m    [1;35mesc[0m  [37mback[0m    [1;31mq[0m  [37mquit[0m               [90m│[0m    
  [90m│[0m                                                                                            [90m│[0m    
  [90m╰────────────────────────────────────────────────────────────────────────────────────────────╯[0m    