# Visual Golden File
# Name: navigation_selected_6
# Dimensions: 120x40
# Hash: af8478889bd3297256ec17f37c557846ac76633b7dcc14a2b166165c08dc0a41

  [90m╭────────────────────────────────────────────────────────────────────────────────────────────────────────────────╮[0m    
  [90m│[0m                                                                                                                [90m│[0m    
  [90m│[0m                                                [1;34mDisplay Settings[0m                                                [90m│[0m    
  [90m│[0m                                                                                                                [90m│[0m    
  [90m╰────────────────────────────────────────────────────────────────────────────────────────────────────────────────╯[0m    
                                                                                                                        
  [34m╭────────────────────────────────────────────╮[0m  [36m╭────────────────────────────────────────────────────────────────╮[0m    
  [34m│[0m                                            [34m│[0m  [36m│[0m                                                                [36m│[0m    
  [34m│[0m                                            [34m│[0m  [36m│[0m                                                                [36m│[0m    
  [34m│[0m  [1;34mNavigation[0m                                [34m│[0m  [36m│[0m  [1;36mDisplay Overview[0m                                              [36m│[0m    
  [34m│[0m                                            [34m│[0m  [36m│[0m                                                                [36m│[0m    
  [34m│[0m    [37mDashboard[0m                               [34m│[0m  [36m│[0m  [34m○[0m [1;32mHDMI-A-1[0m[1;33m 👆 CURRENT[0m                                         [36m│[0m    
  [34m│[0m                                            [34m│[0m  [36m│[0m  [37m  Dell U2414H[0m                                                 [36m│[0m    
  [34m│[0m    [37mMonitor Selection[0m                       [34m│[0m  [36m│[0m  [90m  1920x1080 @ 60Hz[0m                                            [36m│[0m    
  [34m│[0m                                            [34m│[0m  [36m│[0m  [90m  Scale: 1.0x[0m                                                 [36m│[0m    
  [34m│[0m    [37mSmart Scaling[0m                           [34m│[0m  [36m│[0m  [3;33m  → Scaling changes will apply here[0m                           [36m│[0m    
  [34m│[0m                                            [34m│[0m  [36m│[0m                                                                [36m│[0m    
  [34m│[0m    [37mManual Scaling[0m                          [34m│[0m  [36m│[0m  [90m◦[0m [1;34mDP-1[0m                                                        [36m│[0m    
  [34m│[0m                                            [34m│[0m  [36m│[0m  [37m  Samsung C27F390[0m                                             [36m│[0m    
  [34m│[0m    [37mSettings[0m                                [34m│[0m  [36m│[0m  [90m  1920x1080 @ 75Hz[0m                                            [36m│[0m    
  [34m│[0m                                            [34m│[0m  [36m│[0m  [90m  Scale: 1.2x[0m                                                 [36m│[0m    
  [34m│[0m    [37mHelp[0m                                    [34m│[0m  [36m│[0m                                                                [36m│[0m    
  [34m│[0m                                            [34m│[0m  [36m│[0m                                                                [36m│[0m    
  [34m│[0m  [1;34m▶[0m [1;34mExit[0m                                    [34m│[0m  [36m│[0m                                                                [36m│[0m    
  [34m│[0m                                            [34m│[0m  [36m│[0m                                                                [36m│[0m    
  [34m│[0m                                            [34m│[0m  [36m│[0m                                                                [36m│[0m    
  [34m│[0m                                            [34m│[0m  [36m│[0m                                                                [36m│[0m    
  [34m│[0m                                            [34m│[0m  [36m│[0m                                                                [36m│[0m    
  [34m│[0m                                            [34m│[0m  [36m│[0m                                                                [36m│[0m    
  [34m│[0m                                            [34m│[0m  [36m│[0m                                                                [36m│[0m    
  [34m│[0m                                            [34m│[0m  [36m│[0m                                                                [36m│[0m    
  [34m│[0m                                            [34m│[0m  [36m│[0m                                                                [36m│[0m    
  [34m│[0m                                            [34m│[0m  [36m│[0m                                                                [36m│[0m    
  [34m│[0m                                            [34m│[0m  [36m│[0m                                                                [36m│[0m    
  [34m╰────────────────────────────────────────────╯[0m  [36m╰────────────────────────────────────────────────────────────────╯[0m    
                                                                                                                        
  [90m╭────────────────────────────────────────────────────────────────────────────────────────────────────────────────╮[0m    
  [90m│[0m                                                                                                                [90m│[0m    
  [90m│[0m                           [1;32m↑↓[0m  [37mnavigate[0m    [1;34m⏎[0m  [37mselect[0m    [1;33mh[0m  [37mhelp[0m    [1;35mesc[0m  [37mback[0m    [1;31mq[0m  [37mquit[0m                         [90m│[0m    
  [90m│[0m                                                                                                                [90m│[0m    
  [90m╰────────────────────────────────────────────────────────────────────────────────────────────────────────────────╯[0m    