# Visual Golden File
# Name: scaling_options_120x40
# Dimensions: 120x40
# Hash: cae6f00ffb73707fc50b434fa6b959b0eafdb6b919b703b30ad2119ddf25ac7f

  [90m╭────────────────────────────────────────────────────────────────────────────────────────────────────────────────╮[0m    
  [90m│[0m                                                                                                                [90m│[0m    
  [90m│[0m                                                [1;34mDisplay Settings[0m                                                [90m│[0m    
  [90m│[0m                                                                                                                [90m│[0m    
  [90m╰────────────────────────────────────────────────────────────────────────────────────────────────────────────────╯[0m    
                                                                                                                        
  [32m╭────────────────────────────────────────────────────────────────────────────────────────────────────────────────╮[0m    
  [32m│[0m                                                                                                                [32m│[0m    
  [32m│[0m                                                                                                                [32m│[0m    
  [32m│[0m  [1;32m🧠 Smart Scaling Recommendations[0m                                                                              [32m│[0m    
  [32m│[0m                                                                                                                [32m│[0m    
  [32m│[0m  [33m╭─────────────────────────────────────────╮[0m                                                                   [32m│[0m    
  [32m│[0m  [33m│[0m[40m                                         [0m[33m│[0m                                                                   [32m│[0m    
  [32m│[0m  [33m│[0m[40m  [0m[40mHDMI-A-1 Dell U2414H - 1920x1080@60Hz[0m[40m  [0m[33m│[0m                                                                   [32m│[0m    
  [32m│[0m  [33m│[0m[40m                                         [0m[33m│[0m                                                                   [32m│[0m    
  [32m│[0m  [33m╰─────────────────────────────────────────╯[0m                                                                   [32m│[0m    
  [32m│[0m                                                                                                                [32m│[0m    
  [32m│[0m  [1;36m🎯 Available Options[0m                                                                                          [32m│[0m    
  [32m│[0m                                                                                                                [32m│[0m    
  [32m│[0m  [1;34m▶ [0m[1;34mStandard (1x) [RECOMMENDED][0m                                                                                 [32m│[0m    
  [32m│[0m  [37m    Default scaling for sharp text[0m                                                                            [32m│[0m    
  [32m│[0m  [90m    Monitor: 1.0x • GTK: 1x • Font DPI: 96 • Result: 1920x1080[0m                                                [32m│[0m    
  [32m│[0m  [3;90m    💡 [0m                                                                                                       [32m│[0m    
  [32m│[0m                                                                                                                [32m│[0m    
  [32m│[0m    Large (1.25x)                                                                                               [32m│[0m    
  [32m│[0m  [37m    Comfortable scaling for most users[0m                                                                        [32m│[0m    
  [32m│[0m  [90m    Monitor: 1.2x • GTK: 1x • Font DPI: 120 • Result: 1536x864[0m                                                [32m│[0m    
  [32m│[0m  [3;90m    💡 [0m                                                                                                       [32m│[0m    
  [32m│[0m                                                                                                                [32m│[0m    
  [32m│[0m                                                                                                                [32m│[0m    
  [32m│[0m  [1;35m📚 What Each Setting Does[0m                                                                                     [32m│[0m    
  [32m│[0m  [37m  Monitor Scale: Changes compositor-level scaling (immediate effect)[0m                                          [32m│[0m    
  [32m│[0m  [37m  GTK Scale: Scales GTK applications (requires logout/login)[0m                                                  [32m│[0m    
  [32m│[0m  [37m  Font DPI: Fine-grained text scaling (affects most apps)[0m                                                     [32m│[0m    
  [32m│[0m                                                                                                                [32m│[0m    
  [32m│[0m  [32m↑↓[0m[37m select[0m  [34m⏎[0m[37m apply[0m  [33mm[0m[37m manual[0m  [35mesc[0m[37m back[0m                                                                        [32m│[0m    
  [32m│[0m                                                                                                                [32m│[0m    
  [32m│[0m                                                                                                                [32m│[0m    
  [32m╰────────────────────────────────────────────────────────────────────────────────────────────────────────────────╯[0m    
                                                                                                                        
  [90m╭────────────────────────────────────────────────────────────────────────────────────────────────────────────────╮[0m    
  [90m│[0m                                                                                                                [90m│[0m    
  [90m│[0m                           [1;32m↑↓[0m  [37mnavigate[0m    [1;34m⏎[0m  [37mselect[0m    [1;33mh[0m  [37mhelp[0m    [1;35mesc[0m  [37mback[0m    [1;31mq[0m  [37mquit[0m                         [90m│[0m    
  [90m│[0m                                                                                                                [90m│[0m    
  [90m╰────────────────────────────────────────────────────────────────────────────────────────────────────────────────╯[0m    