# Visual Golden File
# Name: scaling_values_max_values
# Dimensions: 120x40
# Hash: 95fccf5130c418038429827eaf9738c7f3ab6f6929c84c606da7dbc0ff48f488

  [90m╭────────────────────────────────────────────────────────────────────────────────────────────────────────────────╮[0m    
  [90m│[0m                                                                                                                [90m│[0m    
  [90m│[0m                                                [1;34mDisplay Settings[0m                                                [90m│[0m    
  [90m│[0m                                                                                                                [90m│[0m    
  [90m╰────────────────────────────────────────────────────────────────────────────────────────────────────────────────╯[0m    
                                                                                                                        
  [35m╭────────────────────────────────────────────────────────────────────────────────────────────────────────────────╮[0m    
  [35m│[0m                                                                                                                [35m│[0m    
  [35m│[0m                                                                                                                [35m│[0m    
  [35m│[0m  [1;35m🔧 Manual Scaling Controls[0m                                                                                    [35m│[0m    
  [35m│[0m                                                                                                                [35m│[0m    
  [35m│[0m  [33m╭──────────────────────────────────────────────────────────╮[0m                                                  [35m│[0m    
  [35m│[0m  [33m│[0m[40m                                                          [0m[33m│[0m                                                  [35m│[0m    
  [35m│[0m  [33m│[0m[40m  [0m[40mHDMI-A-1 Dell U2414H - 1920x1080@60Hz (Current: 1.00x)[0m[40m  [0m[33m│[0m                                                  [35m│[0m    
  [35m│[0m  [33m│[0m[40m                                                          [0m[33m│[0m                                                  [35m│[0m    
  [35m│[0m  [33m╰──────────────────────────────────────────────────────────╯[0m                                                  [35m│[0m    
  [35m│[0m                                                                                                                [35m│[0m    
  [35m│[0m  [1;34m⚙️ Scaling Controls[0m                                                                                           [35m│[0m    
  [35m│[0m                                                                                                                [35m│[0m    
  [35m│[0m  [40m [0m[1;34;40m1. Monitor Scale (Compositor-level)[0m[40m [0m                                                                         [35m│[0m    
  [35m│[0m  [40m [0m[32;40m   Current: 4.000x (Valid: 1.0x, 1.25x, 1.33x, 1.5x, 1.67x, 1.75x, 2.0x, 2.25x, 2.5x, 3.0x)[0m[40m [0m                 [35m│[0m    
  [35m│[0m  [40m [0m[37;40m   Scales everything immediately. Works with all apps.[0m[40m [0m                                                      [35m│[0m    
  [35m│[0m                                                                                                                [35m│[0m    
  [35m│[0m  [1;36m2. GTK Scale (Application-level)[0m                                                                              [35m│[0m    
  [35m│[0m  [32m   Current: 3x (Range: 1x - 3x, Integer only)[0m                                                                 [35m│[0m    
  [35m│[0m  [37m   Scales GTK apps (most Linux apps). Requires logout.[0m                                                        [35m│[0m    
  [35m│[0m                                                                                                                [35m│[0m    
  [35m│[0m  [1;33m3. Font DPI (Text rendering)[0m                                                                                  [35m│[0m    
  [35m│[0m  [32m   Current: 300 (Range: 72 - 288, Step: 12)[0m                                                                   [35m│[0m    
  [35m│[0m  [37m   Fine-grained text scaling. Works with most applications.[0m                                                   [35m│[0m    
  [35m│[0m                                                                                                                [35m│[0m    
  [35m│[0m  [1;32m📊 Preview Results[0m                                                                                            [35m│[0m    
  [35m│[0m    Effective Resolution: 480x270                                                                               [35m│[0m    
  [35m│[0m    Screen Real Estate: 25%                                                                                     [35m│[0m    
  [35m│[0m    Font DPI Multiplier: 3.1x                                                                                   [35m│[0m    
  [35m│[0m                                                                                                                [35m│[0m    
  [35m│[0m  [32m↑↓[0m[37m select control[0m  [36m←→[0m[37m adjust value[0m  [33m⏎[0m[37m apply all[0m  [35mesc[0m[37m back[0m                                                     [35m│[0m    
  [35m│[0m                                                                                                                [35m│[0m    
  [35m│[0m                                                                                                                [35m│[0m    
  [35m╰────────────────────────────────────────────────────────────────────────────────────────────────────────────────╯[0m    
                                                                                                                        
  [90m╭────────────────────────────────────────────────────────────────────────────────────────────────────────────────╮[0m    
  [90m│[0m                                                                                                                [90m│[0m    
  [90m│[0m                           [1;32m↑↓[0m  [37mnavigate[0m    [1;34m⏎[0m  [37mselect[0m    [1;33mh[0m  [37mhelp[0m    [1;35mesc[0m  [37mback[0m    [1;31mq[0m  [37mquit[0m                         [90m│[0m    
  [90m│[0m                                                                                                                [90m│[0m    
  [90m╰────────────────────────────────────────────────────────────────────────────────────────────────────────────────╯[0m    