# Visual Golden File
# Name: single_monitor
# Dimensions: 120x40
# Hash: 587d6495aa9774ef81d1e185acd997f9dfd48a9fea6323b2a0e359f4d0d3bc5b

  [90m╭────────────────────────────────────────────────────────────────────────────────────────────────────────────────╮[0m    
  [90m│[0m                                                                                                                [90m│[0m    
  [90m│[0m                                                [1;34mDisplay Settings[0m                                                [90m│[0m    
  [90m│[0m                                                                                                                [90m│[0m    
  [90m╰────────────────────────────────────────────────────────────────────────────────────────────────────────────────╯[0m    
                                                                                                                        
  [34m╭────────────────────────────────────────────╮[0m  [36m╭────────────────────────────────────────────────────────────────╮[0m    
  [34m│[0m                                            [34m│[0m  [36m│[0m                                                                [36m│[0m    
  [34m│[0m                                            [34m│[0m  [36m│[0m                                                                [36m│[0m    
  [34m│[0m  [1;34mNavigation[0m                                [34m│[0m  [36m│[0m  [1;36mDisplay Overview[0m                                              [36m│[0m    
  [34m│[0m                                            [34m│[0m  [36m│[0m                                                                [36m│[0m    
  [34m│[0m  [1;34m▶[0m [1;34mDashboard[0m                               [34m│[0m  [36m│[0m  [34m○[0m [1;32mHDMI-1[0m[1;33m 👆 CURRENT[0m                                           [36m│[0m    
  [34m│[0m                                            [34m│[0m  [36m│[0m  [37m  Samsung U2414H[0m                                              [36m│[0m    
  [34m│[0m    [37mMonitor Selection[0m                       [34m│[0m  [36m│[0m  [90m  1920x1080 @ 60Hz[0m                                            [36m│[0m    
  [34m│[0m                                            [34m│[0m  [36m│[0m  [90m  Scale: 1.0x[0m                                                 [36m│[0m    
  [34m│[0m    [37mSmart Scaling[0m                           [34m│[0m  [36m│[0m  [3;33m  → Scaling changes will apply here[0m                           [36m│[0m    
  [34m│[0m                                            [34m│[0m  [36m│[0m                                                                [36m│[0m    
  [34m│[0m    [37mManual Scaling[0m                          [34m│[0m  [36m│[0m                                                                [36m│[0m    
  [34m│[0m                                            [34m│[0m  [36m│[0m                                                                [36m│[0m    
  [34m│[0m    [37mSettings[0m                                [34m│[0m  [36m│[0m                                                                [36m│[0m    
  [34m│[0m                                            [34m│[0m  [36m│[0m                                                                [36m│[0m    
  [34m│[0m    [37mHelp[0m                                    [34m│[0m  [36m│[0m                                                                [36m│[0m    
  [34m│[0m                                            [34m│[0m  [36m│[0m                                                                [36m│[0m    
  [34m│[0m    [37mExit[0m                                    [34m│[0m  [36m│[0m                                                                [36m│[0m    
  [34m│[0m                                            [34m│[0m  [36m│[0m                                                                [36m│[0m    
  [34m│[0m                                            [34m│[0m  [36m│[0m                                                                [36m│[0m    
  [34m│[0m                                            [34m│[0m  [36m│[0m                                                                [36m│[0m    
  [34m│[0m                                            [34m│[0m  [36m│[0m                                                                [36m│[0m    
  [34m│[0m                                            [34m│[0m  [36m│[0m                                                                [36m│[0m    
  [34m│[0m                                            [34m│[0m  [36m│[0m                                                                [36m│[0m    
  [34m│[0m                                            [34m│[0m  [36m│[0m                                                                [36m│[0m    
  [34m│[0m                                            [34m│[0m  [36m│[0m                                                                [36m│[0m    
  [34m│[0m                                            [34m│[0m  [36m│[0m                                                                [36m│[0m    
  [34m│[0m                                            [34m│[0m  [36m│[0m                                                                [36m│[0m    
  [34m╰────────────────────────────────────────────╯[0m  [36m╰────────────────────────────────────────────────────────────────╯[0m    
                                                                                                                        
  [90m╭────────────────────────────────────────────────────────────────────────────────────────────────────────────────╮[0m    
  [90m│[0m                                                                                                                [90m│[0m    
  [90m│[0m                           [1;32m↑↓[0m  [37mnavigate[0m    [1;34m⏎[0m  [37mselect[0m    [1;33mh[0m  [37mhelp[0m    [1;35mesc[0m  [37mback[0m    [1;31mq[0m  [37mquit[0m                         [90m│[0m    
  [90m│[0m                                                                                                                [90m│[0m    
  [90m╰────────────────────────────────────────────────────────────────────────────────────────────────────────────────╯[0m    