# Visual Golden File
# Name: terminal_too_small_70x20
# Dimensions: 70x20
# Hash: 5130cca5f5c05d8959287f74885f9496c78be744dbd7e0e4194970ea9aacf853

                                                                      
                                                                      
                                                                      
                                                                      
                                                                      
                                                                      
                                                                      
                                                                      
                                                                      
                          [31mTerminal too small[0m                          
                   [31mPlease resize to at least 80x20[0m                    
                                                                      
                                                                      
                                                                      
                                                                      
                                                                      
                                                                      
                                                                      
                                                                      
                                                                      