# Visual Golden File
# Name: terminal_too_small_80x15
# Dimensions: 80x15
# Hash: 0ccc25d5bbbe18b9ae412ea8c9311e562a257ed7613d7429025c5084b76c92e8

                                                                                
                                                                                
                                                                                
                                                                                
                                                                                
                                                                                
                               [31mTerminal too small[0m                               
                        [31mPlease resize to at least 80x20[0m                         
                                                                                
                                                                                
                                                                                
                                                                                
                                                                                
                                                                                
                                                                                