# Visual Golden File
# Name: terminal_too_small_60x10
# Dimensions: 60x10
# Hash: 01867857216614f6624d9c69ff060351b0aaf2a37a750e0a5330f5636e9dc41c

                                                            
                                                            
                                                            
                                                            
                     [31mTerminal too small[0m                     
              [31mPlease resize to at least 80x20[0m               
                                                            
                                                            
                                                            
                                                            