# Visual Golden File
# Name: many_monitors
# Dimensions: 150x50
# Hash: 3c0b72c5e6af73082d5e711b7f26e9bf7d9c93c7bb9904d574e9eee5c6c70e04

  ╭──────────────────────────────────────────────────────────────────────────────────────────────────────────────────────────────────────────────╮    
  │                                                                                                                                              │    
  │                                                               Display Settings                                                               │    
  │                                                                                                                                              │    
  ╰──────────────────────────────────────────────────────────────────────────────────────────────────────────────────────────────────────────────╯    
                                                                                                                                                      
  ╭────────────────────────────────────────────────────────╮  ╭──────────────────────────────────────────────────────────────────────────────────╮    
  │                                                        │  │                                                                                  │    
  │                                                        │  │                                                                                  │    
  │  Navigation                                            │  │  Display Overview                                                                │    
  │                                                        │  │                                                                                  │    
  │  ▶ Dashboard                                           │  │  ○ HDMI-1 👆 CURRENT                                                             │    
  │                                                        │  │    Dell U2414H-1                                                                 │    
  │    Monitor Selection                                   │  │    1920x1080 @ 60Hz                                                              │    
  │                                                        │  │    Scale: 1.0x                                                                   │    
  │    Smart Scaling                                       │  │    → Scaling changes will apply here                                             │    
  │                                                        │  │                                                                                  │    
  │    Manual Scaling                                      │  │  ◦ HDMI-2                                                                        │    
  │                                                        │  │    Dell U2414H-2                                                                 │    
  │    Settings                                            │  │    1920x1080 @ 60Hz                                                              │    
  │                                                        │  │    Scale: 1.0x                                                                   │    
  │    Help                                                │  │                                                                                  │    
  │                                                        │  │  ◦ HDMI-3                                                                        │    
  │    Exit                                                │  │    Dell U2414H-3                                                                 │    
  │                                                        │  │    1920x1080 @ 60Hz                                                              │    
  │                                                        │  │    Scale: 1.0x                                                                   │    
  │                                                        │  │                                                                                  │    
  │                                                        │  │  ◦ HDMI-4                                                                        │    
  │                                                        │  │    Dell U2414H-4                                                                 │    
  │                                                        │  │    1920x1080 @ 60Hz                                                              │    
  │                                                        │  │    Scale: 1.0x                                                                   │    
  │                                                        │  │                                                                                  │    
  │                                                        │  │                                                                                  │    
  │                                                        │  │                                                                                  │    
  │                                                        │  │                                                                                  │    
  │                                                        │  │                                                                                  │    
  │                                                        │  │                                                                                  │    
  │                                                        │  │                                                                                  │    
  │                                                        │  │                                                                                  │    
  │                                                        │  │                                                                                  │    
  │                                                        │  │                                                                                  │    
  │                                                        │  │                                                                                  │    
  │                                                        │  │                                                                                  │    
  │                                                        │  │                                                                                  │    
  ╰────────────────────────────────────────────────────────╯  ╰──────────────────────────────────────────────────────────────────────────────────╯    
                                                                                                                                                      
  ╭──────────────────────────────────────────────────────────────────────────────────────────────────────────────────────────────────────────────╮    
  │                                                                                                                                              │    
  │                                          ↑↓  navigate    ⏎  select    h  help    esc  back    q  quit                                        │    
  │                                                                                                                                              │    
  ╰──────────────────────────────────────────────────────────────────────────────────────────────────────────────────────────────────────────────╯    