# Visual Golden File
# Name: monitor_selection_120x40
# Dimensions: 120x40
# Hash: 2ac53b2ed9659deab9bba1d2ef925a4e7d3e13c75f21de48e71a84b5805eda3c

  ╭────────────────────────────────────────────────────────────────────────────────────────────────────────────────╮    
  │                                                                                                                │    
  │                                                Display Settings                                                │    
  │                                                                                                                │    
  ╰────────────────────────────────────────────────────────────────────────────────────────────────────────────────╯    
                                                                                                                        
  ╭────────────────────────────────────────────────────────────────────────────────────────────────────────────────╮    
  │                                                                                                                │    
  │                                                                                                                │    
  │  Monitor Selection                                                                                             │    
  │  Choose a display to configure                                                                                 │    
  │                                                                                                                │    
  │  ▶ HDMI-A-1  ACTIVE                                                                                            │    
  │    Dell U2414H                                                                                                 │    
  │    1920x1080 @ 60Hz                                                                                            │    
  │                                                                                                                │    
  │    DP-1  INACTIVE                                                                                              │    
  │      Samsung C27F390                                                                                           │    
  │      1920x1080 @ 75Hz                                                                                          │    
  │                                                                                                                │    
  │                                                                                                                │    
  │  ⏎ Select monitor and return to dashboard  esc Return to main menu                                             │    
  │                                                                                                                │    
  │  💡 Selected monitor will be marked as CURRENT on the dashboard                                                │    
  │                                                                                                                │    
  │                                                                                                                │    
  │                                                                                                                │    
  │                                                                                                                │    
  │                                                                                                                │    
  │                                                                                                                │    
  │                                                                                                                │    
  │                                                                                                                │    
  │                                                                                                                │    
  │                                                                                                                │    
  ╰────────────────────────────────────────────────────────────────────────────────────────────────────────────────╯    
                                                                                                                        
  ╭────────────────────────────────────────────────────────────────────────────────────────────────────────────────╮    
  │                                                                                                                │    
  │                           ↑↓  navigate    ⏎  select    h  help    esc  back    q  quit                         │    
  │                                                                                                                │    
  ╰────────────────────────────────────────────────────────────────────────────────────────────────────────────────╯    