# Visual Golden File
# Name: monitor_selection_200x60
# Dimensions: 200x60
# Hash: 205f9ca1d229fdb87c8a4539527482f9e75094391b35afec76aebe05e08c5705

  ╭────────────────────────────────────────────────────────────────────────────────────────────────────────────────────────────────────────────────────────────────────────────────────────────────╮    
  │                                                                                                                                                                                                │    
  │                                                                                        Display Settings                                                                                        │    
  │                                                                                                                                                                                                │    
  ╰────────────────────────────────────────────────────────────────────────────────────────────────────────────────────────────────────────────────────────────────────────────────────────────────╯    
                                                                                                                                                                                                        
  ╭────────────────────────────────────────────────────────────────────────────────────────────────────────────────────────────────────────────────────────────────────────────────────────────────╮    
  │                                                                                                                                                                                                │    
  │                                                                                                                                                                                                │    
  │  Monitor Selection                                                                                                                                                                             │    
  │  Choose a display to configure                                                                                                                                                                 │    
  │                                                                                                                                                                                                │    
  │  ▶ HDMI-A-1  ACTIVE                                                                                                                                                                            │    
  │    Dell U2414H                                                                                                                                                                                 │    
  │    1920x1080 @ 60Hz                                                                                                                                                                            │    
  │                                                                                                                                                                                                │    
  │    DP-1  INACTIVE                                                                                                                                                                              │    
  │      Samsung C27F390                                                                                                                                                                           │    
  │      1920x1080 @ 75Hz                                                                                                                                                                          │    
  │                                                                                                                                                                                                │    
  │                                                                                                                                                                                                │    
  │  ⏎ Select monitor and return to dashboard  esc Return to main menu                                                                                                                             │    
  │                                                                                                                                                                                                │    
  │  💡 Selected monitor will be marked as CURRENT on the dashboard                                                                                                                                │    
  │                                                                                                                                                                                                │    
  │                                                                                                                                                                                                │    
  │                                                                                                                                                                                                │    
  │                                                                                                                                                                                                │    
  │                                                                                                                                                                                                │    
  │                                                                                                                                                                                                │    
  │                                                                                                                                                                                                │    
  │                                                                                                                                                                                                │    
  │                                                                                                                                                                                                │    
  │                                                                                                                                                                                                │    
  │                                                                                                                                                                                                │    
  │                                                                                                                                                                                                │    
  │                                                                                                                                                                                                │    
  │                                                                                                                                                                                                │    
  │                                                                                                                                                                                                │    
  │                                                                                                                                                                                                │    
  │                                                                                                                                                                                                │    
  │                                                                                                                                                                                                │    
  │                                                                                                                                                                                                │    
  │                                                                                                                                                                                                │    
  │                                                                                                                                                                                                │    
  │                                                                                                                                                                                                │    
  │                                                                                                                                                                                                │    
  │                                                                                                                                                                                                │    
  │                                                                                                                                                                                                │    
  │                                                                                                                                                                                                │    
  │                                                                                                                                                                                                │    
  │                                                                                                                                                                                                │    
  │                                                                                                                                                                                                │    
  │                                                                                                                                                                                                │    
  ╰────────────────────────────────────────────────────────────────────────────────────────────────────────────────────────────────────────────────────────────────────────────────────────────────╯    
                                                                                                                                                                                                        
  ╭────────────────────────────────────────────────────────────────────────────────────────────────────────────────────────────────────────────────────────────────────────────────────────────────╮    
  │                                                                                                                                                                                                │    
  │                                                                   ↑↓  navigate    ⏎  select    h  help    esc  back    q  quit                                                                 │    
  │                                                                                                                                                                                                │    
  ╰────────────────────────────────────────────────────────────────────────────────────────────────────────────────────────────────────────────────────────────────────────────────────────────────╯    