# Visual Golden File
# Name: monitor_selection_100x30
# Dimensions: 100x30
# Hash: c8c532e3543975defc4413ccc51207f1a6e8fff81f57258922bd2781cb8a79b2

  ╭────────────────────────────────────────────────────────────────────────────────────────────╮    
  │                                                                                            │    
  │                                      Display Settings                                      │    
  │                                                                                            │    
  ╰────────────────────────────────────────────────────────────────────────────────────────────╯    
                                                                                                    
  ╭────────────────────────────────────────────────────────────────────────────────────────────╮    
  │                                                                                            │    
  │                                                                                            │    
  │  Monitor Selection                                                                         │    
  │  Choose a display to configure                                                             │    
  │                                                                                            │    
  │  ▶ HDMI-A-1  ACTIVE                                                                        │    
  │    Dell U2414H                                                                             │    
  │    1920x1080 @ 60Hz                                                                        │    
  │                                                                                            │    
  │    DP-1  INACTIVE                                                                          │    
  │      Samsung C27F390                                                                       │    
  │      1920x1080 @ 75Hz                                                                      │    
  │                                                                                            │    
  │                                                                                            │    
  │  ⏎ Select monitor and return to dashboard  esc Return to main menu                         │    
  │                                                                                            │    
  │  💡 Selected monitor will be marked as CURRENT on the dashboard                            │    
  │                                                                                            │    
  │                                                                                            │    
  ╰────────────────────────────────────────────────────────────────────────────────────────────╯    
                                                                                                    
  ╭────────────────────────────────────────────────────────────────────────────────────────────╮    
  │                                                                                            │    
  │                 ↑↓  navigate    ⏎  select    h  help    esc  back    q  quit               │    
  │                                                                                            │    
  ╰────────────────────────────────────────────────────────────────────────────────────────────╯    