# Visual Golden File
# Name: monitor_selection_150x50
# Dimensions: 150x50
# Hash: 926c8cfa5487c7cd4b135224641f7e52e5aa155b5ef86fe337359020603d1e35

  ╭──────────────────────────────────────────────────────────────────────────────────────────────────────────────────────────────────────────────╮    
  │                                                                                                                                              │    
  │                                                               Display Settings                                                               │    
  │                                                                                                                                              │    
  ╰──────────────────────────────────────────────────────────────────────────────────────────────────────────────────────────────────────────────╯    
                                                                                                                                                      
  ╭──────────────────────────────────────────────────────────────────────────────────────────────────────────────────────────────────────────────╮    
  │                                                                                                                                              │    
  │                                                                                                                                              │    
  │  Monitor Selection                                                                                                                           │    
  │  Choose a display to configure                                                                                                               │    
  │                                                                                                                                              │    
  │  ▶ HDMI-A-1  ACTIVE                                                                                                                          │    
  │    Dell U2414H                                                                                                                               │    
  │    1920x1080 @ 60Hz                                                                                                                          │    
  │                                                                                                                                              │    
  │    DP-1  INACTIVE                                                                                                                            │    
  │      Samsung C27F390                                                                                                                         │    
  │      1920x1080 @ 75Hz                                                                                                                        │    
  │                                                                                                                                              │    
  │                                                                                                                                              │    
  │  ⏎ Select monitor and return to dashboard  esc Return to main menu                                                                           │    
  │                                                                                                                                              │    
  │  💡 Selected monitor will be marked as CURRENT on the dashboard                                                                              │    
  │                                                                                                                                              │    
  │                                                                                                                                              │    
  │                                                                                                                                              │    
  │                                                                                                                                              │    
  │                                                                                                                                              │    
  │                                                                                                                                              │    
  │                                                                                                                                              │    
  │                                                                                                                                              │    
  │                                                                                                                                              │    
  │                                                                                                                                              │    
  │                                                                                                                                              │    
  │                                                                                                                                              │    
  │                                                                                                                                              │    
  │                                                                                                                                              │    
  │                                                                                                                                              │    
  │                                                                                                                                              │    
  │                                                                                                                                              │    
  │                                                                                                                                              │    
  │                                                                                                                                              │    
  │                                                                                                                                              │    
  ╰──────────────────────────────────────────────────────────────────────────────────────────────────────────────────────────────────────────────╯    
                                                                                                                                                      
  ╭──────────────────────────────────────────────────────────────────────────────────────────────────────────────────────────────────────────────╮    
  │                                                                                                                                              │    
  │                                          ↑↓  navigate    ⏎  select    h  help    esc  back    q  quit                                        │    
  │                                                                                                                                              │    
  ╰──────────────────────────────────────────────────────────────────────────────────────────────────────────────────────────────────────────────╯    