# Visual Golden File
# Name: navigation_selected_1
# Dimensions: 120x40
# Hash: 2cecf8e850a11fbbd419a1c7d2c6e8b2b97d92d7630132b06adde0e3f0cf20a2

  ╭────────────────────────────────────────────────────────────────────────────────────────────────────────────────╮    
  │                                                                                                                │    
  │                                                Display Settings                                                │    
  │                                                                                                                │    
  ╰────────────────────────────────────────────────────────────────────────────────────────────────────────────────╯    
                                                                                                                        
  ╭────────────────────────────────────────────╮  ╭────────────────────────────────────────────────────────────────╮    
  │                                            │  │                                                                │    
  │                                            │  │                                                                │    
  │  Navigation                                │  │  Display Overview                                              │    
  │                                            │  │                                                                │    
  │    Dashboard                               │  │  ○ HDMI-A-1 👆 CURRENT                                         │    
  │                                            │  │    Dell U2414H                                                 │    
  │  ▶ Monitor Selection                       │  │    1920x1080 @ 60Hz                                            │    
  │                                            │  │    Scale: 1.0x                                                 │    
  │    Smart Scaling                           │  │    → Scaling changes will apply here                           │    
  │                                            │  │                                                                │    
  │    Manual Scaling                          │  │  ◦ DP-1                                                        │    
  │                                            │  │    Samsung C27F390                                             │    
  │    Settings                                │  │    1920x1080 @ 75Hz                                            │    
  │                                            │  │    Scale: 1.2x                                                 │    
  │    Help                                    │  │                                                                │    
  │                                            │  │                                                                │    
  │    Exit                                    │  │                                                                │    
  │                                            │  │                                                                │    
  │                                            │  │                                                                │    
  │                                            │  │                                                                │    
  │                                            │  │                                                                │    
  │                                            │  │                                                                │    
  │                                            │  │                                                                │    
  │                                            │  │                                                                │    
  │                                            │  │                                                                │    
  │                                            │  │                                                                │    
  │                                            │  │                                                                │    
  ╰────────────────────────────────────────────╯  ╰────────────────────────────────────────────────────────────────╯    
                                                                                                                        
  ╭────────────────────────────────────────────────────────────────────────────────────────────────────────────────╮    
  │                                                                                                                │    
  │                           ↑↓  navigate    ⏎  select    h  help    esc  back    q  quit                         │    
  │                                                                                                                │    
  ╰────────────────────────────────────────────────────────────────────────────────────────────────────────────────╯    