# Visual Golden File
# Name: no_monitors
# Dimensions: 120x40
# Hash: 548aa72dd7315731d2577bb7ca93effb275b47eb20a0cb6256632f7b1794ac0a

  ╭────────────────────────────────────────────────────────────────────────────────────────────────────────────────╮    
  │                                                                                                                │    
  │                                                Display Settings                                                │    
  │                                                                                                                │    
  ╰────────────────────────────────────────────────────────────────────────────────────────────────────────────────╯    
                                                                                                                        
  ╭────────────────────────────────────────────╮  ╭────────────────────────────────────────────────────────────────╮    
  │                                            │  │                                                                │    
  │                                            │  │                                                                │    
  │  Navigation                                │  │  Display Overview                                              │    
  │                                            │  │                                                                │    
  │  ▶ Dashboard                               │  │                                                                │    
  │                                            │  │                                                                │    
  │    Monitor Selection                       │  │                                                                │    
  │                                            │  │                                                                │    
  │    Smart Scaling                           │  │                                                                │    
  │                                            │  │                                                                │    
  │    Manual Scaling                          │  │                                                                │    
  │                                            │  │                                                                │    
  │    Settings                                │  │                                                                │    
  │                                            │  │                                                                │    
  │    Help                                    │  │                                                                │    
  │                                            │  │                                                                │    
  │    Exit                                    │  │                                                                │    
  │                                            │  │                                                                │    
  │                                            │  │                                                                │    
  │                                            │  │                                                                │    
  │                                            │  │                                                                │    
  │                                            │  │                                                                │    
  │                                            │  │                                                                │    
  │                                            │  │                                                                │    
  │                                            │  │                                                                │    
  │                                            │  │                                                                │    
  │                                            │  │                                                                │    
  ╰────────────────────────────────────────────╯  ╰────────────────────────────────────────────────────────────────╯    
                                                                                                                        
  ╭────────────────────────────────────────────────────────────────────────────────────────────────────────────────╮    
  │                                                                                                                │    
  │                           ↑↓  navigate    ⏎  select    h  help    esc  back    q  quit                         │    
  │                                                                                                                │    
  ╰────────────────────────────────────────────────────────────────────────────────────────────────────────────────╯    