# Visual Golden File
# Name: settings_200x60
# Dimensions: 200x60
# Hash: ba82416b090389ce30e1a880a6c1d2f2bcf4c83c16354cd04931e29ce60b012a

  ╭────────────────────────────────────────────────────────────────────────────────────────────────────────────────────────────────────────────────────────────────────────────────────────────────╮    
  │                                                                                                                                                                                                │    
  │                                                                                        Display Settings                                                                                        │    
  │                                                                                                                                                                                                │    
  ╰────────────────────────────────────────────────────────────────────────────────────────────────────────────────────────────────────────────────────────────────────────────────────────────────╯    
                                                                                                                                                                                                        
  ╭────────────────────────────────────────────────────────────────────────────────────────────────────────────────────────────────────────────────────────────────────────────────────────────────╮    
  │                                                                                                                                                                                                │    
  │                                                                                                                                                                                                │    
  │  ⚙️ Application Settings                                                                                                                                                                       │    
  │                                                                                                                                                                                                │    
  │  📱 Application Info                                                                                                                                                                           │    
  │                                                                                                                                                                                                │    
  │    Version: 1.0.0                                                                                                                                                                              │    
  │    Theme: Terminal Adaptive (Basic, Dark)                                                                                                                                                      │    
  │    Mode: Live                                                                                                                                                                                  │    
  │                                                                                                                                                                                                │    
  │  🔍 Detection Methods                                                                                                                                                                          │    
  │                                                                                                                                                                                                │    
  │    Hyprctl: ✗ Not found                                                                                                                                                                        │    
  │    wlr-randr: ✗ Not found                                                                                                                                                                      │    
  │                                                                                                                                                                                                │    
  │  ⚙️ Configuration                                                                                                                                                                              │    
  │                                                                                                                                                                                                │    
  │    Target: Hyprland + Wayland                                                                                                                                                                  │    
  │    Fallbacks: wlr-randr                                                                                                                                                                        │    
  │    Font Scaling: GTK, Alacritty, Neovim                                                                                                                                                        │    
  │                                                                                                                                                                                                │    
  │  💡 Press Esc to return to the main menu                                                                                                                                                       │    
  │                                                                                                                                                                                                │    
  │                                                                                                                                                                                                │    
  │                                                                                                                                                                                                │    
  │                                                                                                                                                                                                │    
  │                                                                                                                                                                                                │    
  │                                                                                                                                                                                                │    
  │                                                                                                                                                                                                │    
  │                                                                                                                                                                                                │    
  │                                                                                                                                                                                                │    
  │                                                                                                                                                                                                │    
  │                                                                                                                                                                                                │    
  │                                                                                                                                                                                                │    
  │                                                                                                                                                                                                │    
  │                                                                                                                                                                                                │    
  │                                                                                                                                                                                                │    
  │                                                                                                                                                                                                │    
  │                                                                                                                                                                                                │    
  │                                                                                                                                                                                                │    
  │                                                                                                                                                                                                │    
  │                                                                                                                                                                                                │    
  │                                                                                                                                                                                                │    
  │                                                                                                                                                                                                │    
  │                                                                                                                                                                                                │    
  │                                                                                                                                                                                                │    
  │                                                                                                                                                                                                │    
  ╰────────────────────────────────────────────────────────────────────────────────────────────────────────────────────────────────────────────────────────────────────────────────────────────────╯    
                                                                                                                                                                                                        
  ╭────────────────────────────────────────────────────────────────────────────────────────────────────────────────────────────────────────────────────────────────────────────────────────────────╮    
  │                                                                                                                                                                                                │    
  │                                                                   ↑↓  navigate    ⏎  select    h  help    esc  back    q  quit                                                                 │    
  │                                                                                                                                                                                                │    
  ╰────────────────────────────────────────────────────────────────────────────────────────────────────────────────────────────────────────────────────────────────────────────────────────────────╯    