# Visual Golden File
# Name: settings_150x50
# Dimensions: 150x50
# Hash: 5967f7db04e20749130fcc35dc4d876abb1ff0b3d52a4a8850db0211c0a746a3

  ╭──────────────────────────────────────────────────────────────────────────────────────────────────────────────────────────────────────────────╮    
  │                                                                                                                                              │    
  │                                                               Display Settings                                                               │    
  │                                                                                                                                              │    
  ╰──────────────────────────────────────────────────────────────────────────────────────────────────────────────────────────────────────────────╯    
                                                                                                                                                      
  ╭──────────────────────────────────────────────────────────────────────────────────────────────────────────────────────────────────────────────╮    
  │                                                                                                                                              │    
  │                                                                                                                                              │    
  │  ⚙️ Application Settings                                                                                                                     │    
  │                                                                                                                                              │    
  │  📱 Application Info                                                                                                                         │    
  │                                                                                                                                              │    
  │    Version: 1.0.0                                                                                                                            │    
  │    Theme: Terminal Adaptive (Basic, Dark)                                                                                                    │    
  │    Mode: Live                                                                                                                                │    
  │                                                                                                                                              │    
  │  🔍 Detection Methods                                                                                                                        │    
  │                                                                                                                                              │    
  │    Hyprctl: ✗ Not found                                                                                                                      │    
  │    wlr-randr: ✗ Not found                                                                                                                    │    
  │                                                                                                                                              │    
  │  ⚙️ Configuration                                                                                                                            │    
  │                                                                                                                                              │    
  │    Target: Hyprland + Wayland                                                                                                                │    
  │    Fallbacks: wlr-randr                                                                                                                      │    
  │    Font Scaling: GTK, Alacritty, Neovim                                                                                                      │    
  │                                                                                                                                              │    
  │  💡 Press Esc to return to the main menu                                                                                                     │    
  │                                                                                                                                              │    
  │                                                                                                                                              │    
  │                                                                                                                                              │    
  │                                                                                                                                              │    
  │                                                                                                                                              │    
  │                                                                                                                                              │    
  │                                                                                                                                              │    
  │                                                                                                                                              │    
  │                                                                                                                                              │    
  │                                                                                                                                              │    
  │                                                                                                                                              │    
  │                                                                                                                                              │    
  │                                                                                                                                              │    
  │                                                                                                                                              │    
  │                                                                                                                                              │    
  ╰──────────────────────────────────────────────────────────────────────────────────────────────────────────────────────────────────────────────╯    
                                                                                                                                                      
  ╭──────────────────────────────────────────────────────────────────────────────────────────────────────────────────────────────────────────────╮    
  │                                                                                                                                              │    
  │                                          ↑↓  navigate    ⏎  select    h  help    esc  back    q  quit                                        │    
  │                                                                                                                                              │    
  ╰──────────────────────────────────────────────────────────────────────────────────────────────────────────────────────────────────────────────╯    