# Visual Golden File
# Name: terminal_too_small_70x20
# Dimensions: 70x20
# Hash: feac47e339391e6cdf81262f7d967a2c0088cfee17a45af7329c95a339217ac6

                                                                      
                                                                      
                                                                      
                                                                      
                                                                      
                                                                      
                                                                      
                                                                      
                                                                      
                          Terminal too small                          
                   Please resize to at least 80x20                    
                                                                      
                                                                      
                                                                      
                                                                      
                                                                      
                                                                      
                                                                      
                                                                      
                                                                      