# Visual Golden File
# Name: terminal_too_small_60x10
# Dimensions: 60x10
# Hash: 936b89060ee2f2a80c2ec0a3c48bd16df9e05580463f15d1c1521758d1ecb020

                                                            
                                                            
                                                            
                                                            
                     Terminal too small                     
              Please resize to at least 80x20               
                                                            
                                                            
                                                            
                                                            